
SQL> -- tworzenie tabel
SQL> -- nwm co wpisac w tablespace
SQL> --rola
SQL> --==========================================
SQL> --                DROPY
SQL> --==========================================
SQL> drop table  magazyn CASCADE CONSTRAINTS;

drop table  magazyn CASCADE CONSTRAINTS
            *
ERROR at line 11:
ORA-00942: table or view does not exist
SQL> drop table  maszyny CASCADE CONSTRAINTS;

Table dropped.

SQL> drop table  produkt CASCADE CONSTRAINTS;

Table dropped.

SQL> drop table  stan_produktow CASCADE CONSTRAINTS;

Table dropped.

SQL> drop table  tabela_zapisu CASCADE CONSTRAINTS;

Table dropped.

SQL> drop table  transakcje CASCADE CONSTRAINTS;

Table dropped.

SQL> drop table  rola CASCADE CONSTRAINTS;

Table dropped.

SQL> drop table  pracownicy CASCADE CONSTRAINTS;

Table dropped.

SQL> drop table  pracownicy_logtable CASCADE CONSTRAINTS;

Table dropped.

SQL> drop SEQUENCE PRACOWNICY_SEQ ;

SEQUENCE dropped.

SQL> drop SEQUENCE MASZYNY_SEQ ;

SEQUENCE dropped.

SQL> drop SEQUENCE PRODUKT_SEQ ;

SEQUENCE dropped.

SQL> drop SEQUENCE pracownicy_log_seq;

SEQUENCE dropped.

SQL> drop SEQUENCE TRANSAKCJE_SEQ ;

SEQUENCE dropped.

SQL> drop SEQUENCE tabela_zapisu_seq;

SEQUENCE dropped.

SQL> drop SEQUENCE stan_produktow_seq;

SEQUENCE dropped.

SQL> drop view  bilans ;

View dropped.

SQL> --==========================================
SQL> --                TABELE
SQL> --==========================================
SQL> Create table produkt(
  2  id_produktu number(10,0) primary key,
  3  nazwa varchar(64) not null,
  4  ilosc number(24,8) default '0'
  5  ) tablespace "USERS";

Table created.

SQL> CREATE TABLE rola
  2  (
  3      ID_roli Number(2,0) Primary KEY,
  4      nazwa_roli varchar(64) not null,
  5      Pensja_minimalna number(10,2),
  6      Pensja_maksymalna number(16,2)
  7  ) Tablespace "USERS";

TABLE created.

SQL> create table maszyny
  2  (
  3      id_maszyny number(4,0) primary key,
  4      nazwa_maszyny VARCHAR2(64),
  5      stopien_zuzycia number(6,2)
  6  ) tablespace "USERS";

Table created.

SQL> CREATE TABLE pracownicy
  2  (
  3      id_pracownika number(4,0) primary key,
  4      imie varchar(64),
  5      nazwisko varchar(64) not null,
  6      data_zatrudnienia date not null,
  7      pensja number(16,2),
  8      ID_roli number(2,0),
  9      dni_urlopu number(2,0),
  10      obecny char(1)
  11          check(obecny = 'O'
  12          or obecny = 'W'),
  13      Foreign key (id_roli) references rola(id_roli),
  14      id_maszyny number(4,0),
  15      Foreign key (id_maszyny) references maszyny(id_maszyny)
  16  )tablespace "USERS";

TABLE created.

SQL> Create table transakcje(
  2  id_transakcji number(10,0) primary key,
  3  cena number(16,4) not null,
  4  data_zawarcia date not null,
  5  rodzaj_transakcji char(1)
  6                  check (rodzaj_transakcji = 'K'
  7                  or rodzaj_transakcji = 'S')
  8  ) tablespace "USERS";

Table created.

SQL> Create table tabela_zapisu(
  2      id_zapisu number(10,0) primary key,
  3      id_produktu number(10,0),
  4      Foreign key(id_produktu) references produkt(id_produktu),
  5      id_transakcji number(10,0),
  6      foreign key (id_transakcji) references transakcje(id_transakcji)
  7  ) tablespace "USERS";

Table created.

SQL> create table magazyn(
  2  sektor VARCHAR2(32) primary key,
  3  logistyk number(10,0),
  4  foreign key (logistyk) references pracownicy(id_pracownika),
  5  id_produktu number(10,0),
  6  foreign key (id_produktu) references produkt(id_produktu)
  7  ) tablespace "USERS";

Table created.

SQL> create table stan_produktow (
  2      id_tabeli number(4,0) primary key,
  3      id_produktu number(10,0),
  4      id_maszyny number(10,0),
  5      rodzaj_stanu char(1)
  6                  check (rodzaj_stanu = 'Z'
  7                  or rodzaj_stanu = 'O'),
  8      foreign key (id_produktu) references produkt(id_produktu),
  9      foreign key (id_maszyny) references maszyny(id_maszyny)
  10  );

Table created.

SQL> create table pracownicy_logtable(
  2      id_action NUMBER(10,0) primary key,
  3      action VARCHAR2(32) not null,
  4      action_date date,
  5      id_pracownika number(4,0),
  6      imie varchar(64),
  7      nazwisko varchar(64) ,
  8      data_zatrudnienia date ,
  9      pensja number(16,2),
  10      id_roli number(2,0),
  11      dni_urlopu number(2,0),
  12      obecny char(1),
  13      id_maszyny number(4,0)
  14  );

Table created.

SQL> --==========================================
SQL> --                SEKWENCJE
SQL> --==========================================
SQL> create SEQUENCE pracownicy_seq
  2  start WITH 1
  3  INCREMENT BY 1
  4  NOCACHE;

SEQUENCE created.

SQL> create SEQUENCE maszyny_seq
  2  start WITH 1
  3  INCREMENT BY 1
  4  NOCACHE;

SEQUENCE created.

SQL> create SEQUENCE produkt_seq
  2  start WITH 1
  3  INCREMENT BY 1
  4  NOCACHE;

SEQUENCE created.

SQL> create SEQUENCE transakcje_seq
  2  START WITH 1
  3  INCREMENT BY 1
  4  NOCACHE;

SEQUENCE created.

SQL> create SEQUENCE tabela_zapisu_seq
  2  START WITH 1
  3  INCREMENT BY 1
  4  NOCACHE;

SEQUENCE created.

SQL> create SEQUENCE stan_produktow_seq
  2  START WITH 1
  3  INCREMENT BY 1
  4  NOCACHE;

SEQUENCE created.

SQL> create SEQUENCE pracownicy_log_seq
  2  start with 1
  3  INCREMENT by 1
  4  NOCACHE;

SEQUENCE created.

SQL> --==========================================
SQL> --                TRIGGERY
SQL> --==========================================
SQL> create or replace TRIGGER pracownicy_on_insert
  2  BEFORE INSERT ON PRACOWNICY
  3  FOR each ROW
  4  BEGIN
  5  SELECT PRACOWNICY_SEQ.NEXTVAL
  6  INTO :NEW.id_pracownika
  7  from dual;
  8  END;
  9  /

TRIGGER created.

Commit complete.

SQL> create or replace TRIGGER maszyny_on_insert
  2  BEFORE INSERT ON maszyny
  3  FOR each ROW
  4  BEGIN
  5  SELECT MASZYNY_SEQ.NEXTVAL
  6  INTO :NEW.id_maszyny
  7  from dual;
  8  END;
  9  /

TRIGGER created.

Commit complete.

SQL> create or replace TRIGGER produkt_on_insert
  2  BEFORE INSERT ON produkt
  3  FOR each ROW
  4  BEGIN
  5  SELECT PRODUKT_SEQ.NEXTVAL
  6  INTO :NEW.id_produktu
  7  from dual;
  8  END;
  9  /

TRIGGER created.

Commit complete.

SQL> create or replace TRIGGER transakcje_on_insert
  2  BEFORE INSERT ON transakcje
  3  FOR each ROW
  4  BEGIN
  5  SELECT TRANSAKCJE_SEQ.NEXTVAL
  6  INTO :NEW.id_transakcji
  7  from dual;
  8  END;
  9  /

TRIGGER created.

Commit complete.

SQL> create or replace TRIGGER pracownicy_logger_on_insert
  2  BEFORE INSERT ON pracownicy_logtable
  3  FOR each ROW
  4  BEGIN
  5  SELECT pracownicy_log_seq.NEXTVAL
  6  INTO :NEW.id_action
  7  from dual;
  8  END;
  9  /

TRIGGER created.

Commit complete.

SQL> create or replace TRIGGER tabela_zapisu_on_insert
  2  BEFORE INSERT ON tabela_zapisu
  3  FOR each ROW
  4  BEGIN
  5  SELECT tabela_zapisu_seq.NEXTVAL
  6  INTO :NEW.id_zapisu
  7  from dual;
  8  END;
  9  /

TRIGGER created.

Commit complete.

SQL> create or replace TRIGGER stan_produktu_on_insert
  2  BEFORE INSERT ON stan_produktow
  3  FOR each ROW
  4  BEGIN
  5  SELECT stan_produktow_seq.NEXTVAL
  6  INTO :NEW.id_tabeli
  7  from dual;
  8  END;
  9  /

TRIGGER created.

Commit complete.

SQL> create or replace TRIGGER pracownicy_logger
  2  AFTER INSERT OR DELETE OR UPDATE ON pracownicy
  3  for each ROW
  4  DECLARE action varchar2(32);
  5  BEGIN
  6  IF INSERTING THEN
  7  action:='Insert';
  8
  9  INSERT into pracownicy_logtable(
  10      action,
  11      action_date ,
  12      id_pracownika,
  13      imie ,
  14      nazwisko,
  15      data_zatrudnienia  ,
  16      pensja ,
  17      dni_urlopu ,
  18      obecny ,
  19      id_roli ,
  20      id_maszyny
  21  )
  22  VALUES (
  23      action,
  24      SYSDATE,
  25      :new.id_pracownika,
  26      :new.imie,
  27      :new.nazwisko,
  28      :new.data_zatrudnienia,
  29      :new.pensja,
  30      :new.dni_urlopu,
  31      :new.obecny,
  32      :new.id_roli,
  33      :new.id_maszyny
  34  );
  35  ELSIF UPDATING THEN
  36  action:='Update';
  37
  38  INSERT into pracownicy_logtable(
  39      action,
  40      action_date ,
  41      id_pracownika,
  42      imie ,
  43      nazwisko,
  44      data_zatrudnienia  ,
  45      pensja ,
  46      dni_urlopu ,
  47      obecny ,
  48      id_roli ,
  49      id_maszyny
  50  )
  51  VALUES (
  52      action,
  53      SYSDATE,
  54      :new.id_pracownika,
  55      :new.imie,
  56      :new.nazwisko,
  57      :new.data_zatrudnienia,
  58      :new.pensja,
  59      :new.dni_urlopu,
  60      :new.obecny,
  61      :new.id_roli,
  62      :new.id_maszyny
  63  );
  64  ELSIF DELETING THEN
  65  action:='Delete';
  66
  67  INSERT into pracownicy_logtable(
  68      action,
  69      action_date ,
  70      id_pracownika,
  71      imie ,
  72      nazwisko,
  73      data_zatrudnienia  ,
  74      pensja ,
  75      dni_urlopu ,
  76      obecny ,
  77      id_roli ,
  78      id_maszyny
  79  )
  80  VALUES (
  81      action,
  82      SYSDATE,
  83      :old.id_pracownika,
  84      :old.imie,
  85      :old.nazwisko,
  86      :old.data_zatrudnienia,
  87      :old.pensja,
  88      :old.dni_urlopu,
  89      :old.obecny,
  90      :old.id_roli,
  91      :old.id_maszyny
  92  );
  93  END IF;
  94
  95  END;
  96  /

TRIGGER created.

Commit complete.

SQL> --==========================================
SQL> --                WIDOKI
SQL> --==========================================
SQL> create or replace view pracownicy_bez_maszyn as
  2  select id_pracownika, imie, nazwisko
  3  from pracownicy
  4  where id_maszyny  is null;

View created.

SQL> --widok pracownikow z poszczegolnej roli
SQL> create or replace view magazynier_list as
  2  select id_pracownika, imie, nazwisko
  3  from pracownicy p join rola r
  4  using (id_roli)
  5  where r.nazwa_roli = 'Magazynier';

View created.

SQL> create or replace view technik_list as
  2  select id_pracownika, imie, nazwisko
  3  from pracownicy p join rola r
  4  using (id_roli)
  5  where r.nazwa_roli = 'Technik';

View created.

SQL> create or replace view zarzad_list as
  2  select id_pracownika, imie, nazwisko
  3  from pracownicy p join rola r
  4  using (id_roli)
  5  where r.nazwa_roli = 'Zarzad';

View created.

SQL> create or replace view sprawdz_stan_produktow as
  2  select p.nazwa, p.ilosc
  3  from produkt p join stan_produktow s
  4  using (id_produktu)
  5  where id_maszyny=&id_maszyny  and rodzaj_stanu = 'o';

Enter value for id_maszyny: 
4

old   5: where id_maszyny=&id_maszyny  and rodzaj_stanu = 'o'

new   5: where id_maszyny=4  and rodzaj_stanu = 'o'

View created.

SQL> create or replace view  bilans as
  2  select sum(CASE WHEN rodzaj_transakcji = 'S' THEN cena else 0 end) as "Suma sprzedazy",
  3  sum(CASE WHEN rodzaj_transakcji = 'K' THEN cena else 0 end) as "Suma kupna",
  4  sum(CASE WHEN rodzaj_transakcji = 'S' THEN cena else 0 end) - sum(CASE WHEN rodzaj_transakcji = 'K' THEN cena else 0 end)as "Zysk"
  5  from transakcje;

View created.

SQL> --==========================================
SQL> --                INSERTY
SQL> --==========================================
SQL> insert into rola(ID_roli,nazwa_roli,pensja_minimalna,Pensja_maksymalna) values(1,'Pracownik',3000,9000);

1 row created.

Commit complete.

SQL> insert into rola(ID_roli,nazwa_roli,pensja_minimalna,Pensja_maksymalna) values(2,'Magazynier',4500,12000);

1 row created.

Commit complete.

SQL> insert into rola(ID_roli,nazwa_roli,pensja_minimalna,Pensja_maksymalna) values(3,'Technik',9000,20000);

1 row created.

Commit complete.

SQL> insert into rola(ID_roli,nazwa_roli) values(4,'Zarzad');

1 row created.

Commit complete.

SQL> INSERT INTO maszyny ( stopien_zuzycia,nazwa_maszyny ) values (6, 'maszyna 1');

1 row created.

Commit complete.

SQL> INSERT INTO maszyny ( stopien_zuzycia,nazwa_maszyny ) values (5, 'maszyna 2');

1 row created.

Commit complete.

SQL> INSERT INTO maszyny ( stopien_zuzycia,nazwa_maszyny) values (45, 'maszyna 3');

1 row created.

Commit complete.

SQL> INSERT INTO maszyny (stopien_zuzycia,nazwa_maszyny) values (56, 'maszyna 4');

1 row created.

Commit complete.

SQL> INSERT INTO maszyny ( stopien_zuzycia,nazwa_maszyny ) values (78, 'maszyna 5');

1 row created.

Commit complete.

SQL> INSERT INTO maszyny ( stopien_zuzycia,nazwa_maszyny) values (12, 'maszyna 6');

1 row created.

Commit complete.

SQL> INSERT INTO maszyny ( stopien_zuzycia,nazwa_maszyny) values (56, 'maszyna 7');

1 row created.

Commit complete.

SQL> INSERT INTO maszyny ( stopien_zuzycia,nazwa_maszyny) values (89, 'maszyna 8');

1 row created.

Commit complete.

SQL> INSERT INTO maszyny ( stopien_zuzycia,nazwa_maszyny ) values (78, 'maszyna 9');

1 row created.

Commit complete.

SQL> INSERT INTO maszyny (stopien_zuzycia,nazwa_maszyny) values (54, 'maszyna 10');

1 row created.

Commit complete.

SQL> INSERT INTO maszyny ( stopien_zuzycia,nazwa_maszyny ) values (64, 'maszyna 11');

1 row created.

Commit complete.

SQL> INSERT INTO pracownicy (  imie ,nazwisko, data_zatrudnienia , pensja , ID_roli, dni_urlopu, obecny, id_maszyny  ) values( 'Honorata','Hrycyk',to_date('3/1/11','RR/MM/DD'),4744,1,13,'W' , 11);

1 row created.

Commit complete.

SQL> INSERT INTO pracownicy (  imie ,nazwisko, data_zatrudnienia , pensja , ID_roli, dni_urlopu, obecny, id_maszyny  ) values( 'Fabian','Klimek',to_date('5/7/15','RR/MM/DD'),4890,1,4,'O' , 1);

1 row created.

Commit complete.

SQL> INSERT INTO pracownicy (  imie ,nazwisko, data_zatrudnienia , pensja , ID_roli, dni_urlopu, obecny, id_maszyny  ) values( 'Magdalena','Kmiecik',to_date('88/5/4','RR/MM/DD'),8422,1,9,'O' , 11);

1 row created.

Commit complete.

SQL> INSERT INTO pracownicy (  imie ,nazwisko, data_zatrudnienia , pensja , ID_roli, dni_urlopu, obecny, id_maszyny  ) values( 'Magdalena','Rataj',to_date('87/11/16','RR/MM/DD'),3343,1,8,'O' , 7);

1 row created.

Commit complete.

SQL> INSERT INTO pracownicy (  imie ,nazwisko, data_zatrudnienia , pensja , ID_roli, dni_urlopu, obecny, id_maszyny  ) values( 'Edyta','Kulas',to_date('3/5/6','RR/MM/DD'),7300,1,17,'O' , 5);

1 row created.

Commit complete.

SQL> INSERT INTO pracownicy (  imie ,nazwisko, data_zatrudnienia , pensja , ID_roli, dni_urlopu, obecny, id_maszyny  ) values( 'Daniel','Danielak',to_date('91/4/7','RR/MM/DD'),5538,1,2,'W' , 10);

1 row created.

Commit complete.

SQL> INSERT INTO pracownicy (  imie ,nazwisko, data_zatrudnienia , pensja , ID_roli, dni_urlopu, obecny ) values( 'Edyta','Klimek',to_date('2/4/6','RR/MM/DD'),3143,1,8,'O');

1 row created.

Commit complete.

SQL> INSERT INTO pracownicy (  imie ,nazwisko, data_zatrudnienia , pensja , ID_roli, dni_urlopu, obecny, id_maszyny  ) values( 'Cecylia','Kirchner',to_date('87/4/18','RR/MM/DD'),5258,1,9,'O' , 9);

1 row created.

Commit complete.

SQL> INSERT INTO pracownicy (  imie ,nazwisko, data_zatrudnienia , pensja , ID_roli, dni_urlopu, obecny ) values( 'Arkadiusz','Ryba',to_date('99/7/5','RR/MM/DD'),3042,1,6,'W');

1 row created.

Commit complete.

SQL> INSERT INTO pracownicy (  imie ,nazwisko, data_zatrudnienia , pensja , ID_roli, dni_urlopu, obecny ) values( 'Czeslaw','Ryba',to_date('94/8/19','RR/MM/DD'),3737,1,0,'O');

1 row created.

Commit complete.

SQL> INSERT INTO pracownicy (  imie ,nazwisko, data_zatrudnienia , pensja , ID_roli, dni_urlopu, obecny ) values( 'Ludwik','Gancarczyk',to_date('12/3/7','RR/MM/DD'),4593,1,3,'W');

1 row created.

Commit complete.

SQL> INSERT INTO pracownicy (  imie ,nazwisko, data_zatrudnienia , pensja , ID_roli, dni_urlopu, obecny, id_maszyny  ) values( 'Ludwik','Dabek',to_date('7/1/3','RR/MM/DD'),6237,1,15,'W' , 4);

1 row created.

Commit complete.

SQL> INSERT INTO pracownicy (  imie ,nazwisko, data_zatrudnienia , pensja , ID_roli, dni_urlopu, obecny, id_maszyny  ) values( 'Fabian','Blaszczykowski',to_date('8/2/2','RR/MM/DD'),4483,1,13,'O' , 7);

1 row created.

Commit complete.

SQL> INSERT INTO pracownicy (  imie ,nazwisko, data_zatrudnienia , pensja , ID_roli, dni_urlopu, obecny ) values( 'Beata','Stoch',to_date('82/1/24','RR/MM/DD'),8774,1,18,'O');

1 row created.

Commit complete.

SQL> INSERT INTO pracownicy (  imie ,nazwisko, data_zatrudnienia , pensja , ID_roli, dni_urlopu, obecny, id_maszyny  ) values( 'Grazyna','Paszek',to_date('92/5/4','RR/MM/DD'),8959,1,8,'O' , 7);

1 row created.

Commit complete.

SQL> INSERT INTO pracownicy (  imie ,nazwisko, data_zatrudnienia , pensja , ID_roli, dni_urlopu, obecny, id_maszyny  ) values( 'Grzegorz','Michalak',to_date('83/2/21','RR/MM/DD'),8896,1,15,'W' , 4);

1 row created.

Commit complete.

SQL> INSERT INTO pracownicy (  imie ,nazwisko, data_zatrudnienia , pensja , ID_roli, dni_urlopu, obecny ) values( 'Honorata','Kaczor',to_date('87/5/11','RR/MM/DD'),7651,1,3,'O');

1 row created.

Commit complete.

SQL> INSERT INTO pracownicy (  imie ,nazwisko, data_zatrudnienia , pensja , ID_roli, dni_urlopu, obecny ) values( 'Andrzej','Czachor',to_date('12/1/8','RR/MM/DD'),7416,1,7,'O');

1 row created.

Commit complete.

SQL> INSERT INTO pracownicy (  imie ,nazwisko, data_zatrudnienia , pensja , ID_roli, dni_urlopu, obecny, id_maszyny  ) values( 'Agnieszka','Aleksandrowicz',to_date('18/6/15','RR/MM/DD'),140912,4,6,'O' , 10);

1 row created.

Commit complete.

SQL> INSERT INTO pracownicy (  imie ,nazwisko, data_zatrudnienia , pensja , ID_roli, dni_urlopu, obecny, id_maszyny  ) values( 'Konrad','Jank',to_date('95/2/13','RR/MM/DD'),8534,1,15,'W' , 3);

1 row created.

Commit complete.

SQL> INSERT INTO pracownicy (  imie ,nazwisko, data_zatrudnienia , pensja , ID_roli, dni_urlopu, obecny, id_maszyny  ) values( 'Grazyna','Jagalla',to_date('93/8/11','RR/MM/DD'),5733,1,0,'O' , 2);

1 row created.

Commit complete.

SQL> INSERT INTO pracownicy (  imie ,nazwisko, data_zatrudnienia , pensja , ID_roli, dni_urlopu, obecny ) values( 'Ludwik','Rys',to_date('88/5/12','RR/MM/DD'),7437,1,18,'O');

1 row created.

Commit complete.

SQL> INSERT INTO pracownicy (  imie ,nazwisko, data_zatrudnienia , pensja , ID_roli, dni_urlopu, obecny, id_maszyny  ) values( 'Bartek','Korona',to_date('95/1/10','RR/MM/DD'),8974,1,16,'W' , 2);

1 row created.

Commit complete.

SQL> INSERT INTO pracownicy (  imie ,nazwisko, data_zatrudnienia , pensja , ID_roli, dni_urlopu, obecny ) values( 'Agnieszka','Kulas',to_date('97/6/12','RR/MM/DD'),4965,1,18,'O');

1 row created.

Commit complete.

SQL> INSERT INTO pracownicy (  imie ,nazwisko, data_zatrudnienia , pensja , ID_roli, dni_urlopu, obecny, id_maszyny  ) values( 'Grazyna','Mackiewicz',to_date('99/1/4','RR/MM/DD'),7096,1,0,'O' , 11);

1 row created.

Commit complete.

SQL> INSERT INTO pracownicy (  imie ,nazwisko, data_zatrudnienia , pensja , ID_roli, dni_urlopu, obecny ) values( 'Magdalena','Skrok',to_date('94/10/24','RR/MM/DD'),4874,1,15,'O');

1 row created.

Commit complete.

SQL> INSERT INTO pracownicy (  imie ,nazwisko, data_zatrudnienia , pensja , ID_roli, dni_urlopu, obecny, id_maszyny  ) values( 'Jan','Kandefer',to_date('94/1/15','RR/MM/DD'),3366,1,7,'O' , 8);

1 row created.

Commit complete.

SQL> INSERT INTO pracownicy (  imie ,nazwisko, data_zatrudnienia , pensja , ID_roli, dni_urlopu, obecny, id_maszyny  ) values( 'Magdalena','Baran',to_date('17/7/3','RR/MM/DD'),5272,1,1,'W' , 1);

1 row created.

Commit complete.

SQL> INSERT INTO pracownicy (  imie ,nazwisko, data_zatrudnienia , pensja , ID_roli, dni_urlopu, obecny, id_maszyny  ) values( 'Grazyna','Gucwa',to_date('86/8/20','RR/MM/DD'),5767,1,1,'O' , 11);

1 row created.

Commit complete.

SQL> INSERT INTO pracownicy (  imie ,nazwisko, data_zatrudnienia , pensja , ID_roli, dni_urlopu, obecny ) values( 'Iwona','Stoch',to_date('91/8/12','RR/MM/DD'),8799,1,3,'W');

1 row created.

Commit complete.

SQL> INSERT INTO pracownicy (  imie ,nazwisko, data_zatrudnienia , pensja , ID_roli, dni_urlopu, obecny, id_maszyny  ) values( 'Dariusz','Sulej',to_date('80/2/9','RR/MM/DD'),5369,1,14,'O' , 11);

1 row created.

Commit complete.

SQL> INSERT INTO pracownicy (  imie ,nazwisko, data_zatrudnienia , pensja , ID_roli, dni_urlopu, obecny, id_maszyny  ) values( 'Jan','Masny',to_date('6/2/4','RR/MM/DD'),6468,2,9,'O' , 7);

1 row created.

Commit complete.

SQL> INSERT INTO pracownicy (  imie ,nazwisko, data_zatrudnienia , pensja , ID_roli, dni_urlopu, obecny, id_maszyny  ) values( 'Edyta','Rys',to_date('19/2/3','RR/MM/DD'),10533,3,4,'O' , 1);

1 row created.

Commit complete.

SQL> INSERT INTO pracownicy (  imie ,nazwisko, data_zatrudnienia , pensja , ID_roli, dni_urlopu, obecny ) values( 'Edyta','Kot',to_date('99/3/11','RR/MM/DD'),7576,1,20,'W');

1 row created.

Commit complete.

SQL> INSERT INTO pracownicy (  imie ,nazwisko, data_zatrudnienia , pensja , ID_roli, dni_urlopu, obecny ) values( 'Cecylia','Klimek',to_date('0/2/5','RR/MM/DD'),7796,1,17,'O');

1 row created.

Commit complete.

SQL> INSERT INTO pracownicy (  imie ,nazwisko, data_zatrudnienia , pensja , ID_roli, dni_urlopu, obecny ) values( 'Dariusz','Kowal',to_date('18/11/9','RR/MM/DD'),8913,1,2,'O');

1 row created.

Commit complete.

SQL> INSERT INTO pracownicy (  imie ,nazwisko, data_zatrudnienia , pensja , ID_roli, dni_urlopu, obecny ) values( 'Damian','Jurczyk',to_date('92/6/3','RR/MM/DD'),7808,1,16,'O');

1 row created.

Commit complete.

SQL> INSERT INTO pracownicy (  imie ,nazwisko, data_zatrudnienia , pensja , ID_roli, dni_urlopu, obecny, id_maszyny  ) values( 'Jacek','Gancarczyk',to_date('11/10/6','RR/MM/DD'),4542,1,12,'W' , 10);

1 row created.

Commit complete.

SQL> INSERT INTO pracownicy (  imie ,nazwisko, data_zatrudnienia , pensja , ID_roli, dni_urlopu, obecny ) values( 'Karolina','Mackiewicz',to_date('95/4/13','RR/MM/DD'),19718,3,11,'O');

1 row created.

Commit complete.

SQL> INSERT INTO pracownicy (  imie ,nazwisko, data_zatrudnienia , pensja , ID_roli, dni_urlopu, obecny, id_maszyny  ) values( 'Andrzej','Ochab',to_date('15/3/21','RR/MM/DD'),84486,4,0,'O' , 3);

1 row created.

Commit complete.

SQL> INSERT INTO pracownicy (  imie ,nazwisko, data_zatrudnienia , pensja , ID_roli, dni_urlopu, obecny, id_maszyny  ) values( 'Edyta','Zielonko',to_date('91/3/13','RR/MM/DD'),4729,1,12,'O' , 10);

1 row created.

Commit complete.

SQL> INSERT INTO pracownicy (  imie ,nazwisko, data_zatrudnienia , pensja , ID_roli, dni_urlopu, obecny, id_maszyny  ) values( 'Bartek','Kurtyka',to_date('1/9/10','RR/MM/DD'),4659,1,1,'O' , 6);

1 row created.

Commit complete.

SQL> INSERT INTO pracownicy (  imie ,nazwisko, data_zatrudnienia , pensja , ID_roli, dni_urlopu, obecny ) values( 'Maciej','Gut',to_date('8/1/17','RR/MM/DD'),4146,1,7,'O');

1 row created.

Commit complete.

SQL> INSERT INTO pracownicy (  imie ,nazwisko, data_zatrudnienia , pensja , ID_roli, dni_urlopu, obecny, id_maszyny  ) values( 'Jacek','Pakusz',to_date('80/8/5','RR/MM/DD'),8494,1,14,'O' , 10);

1 row created.

Commit complete.

SQL> INSERT INTO pracownicy (  imie ,nazwisko, data_zatrudnienia , pensja , ID_roli, dni_urlopu, obecny ) values( 'Fabian','Zielonko',to_date('97/5/17','RR/MM/DD'),5336,1,2,'O');

1 row created.

Commit complete.

SQL> INSERT INTO pracownicy (  imie ,nazwisko, data_zatrudnienia , pensja , ID_roli, dni_urlopu, obecny ) values( 'Ludwik','Kot',to_date('83/1/15','RR/MM/DD'),8947,1,17,'O');

1 row created.

Commit complete.

SQL> INSERT INTO pracownicy (  imie ,nazwisko, data_zatrudnienia , pensja , ID_roli, dni_urlopu, obecny, id_maszyny  ) values( 'Karolina','Bareja',to_date('98/4/23','RR/MM/DD'),7002,1,0,'O' , 5);

1 row created.

Commit complete.

SQL> INSERT INTO pracownicy (  imie ,nazwisko, data_zatrudnienia , pensja , ID_roli, dni_urlopu, obecny, id_maszyny  ) values( 'Jakub','Sulej',to_date('3/3/20','RR/MM/DD'),7958,1,17,'O' , 6);

1 row created.

Commit complete.

SQL> INSERT INTO pracownicy (  imie ,nazwisko, data_zatrudnienia , pensja , ID_roli, dni_urlopu, obecny ) values( 'Czeslaw','Krupscy',to_date('1/4/10','RR/MM/DD'),6082,1,10,'O');

1 row created.

Commit complete.

SQL> INSERT INTO pracownicy (  imie ,nazwisko, data_zatrudnienia , pensja , ID_roli, dni_urlopu, obecny, id_maszyny  ) values( 'Arkadiusz','Gucwa',to_date('89/10/2','RR/MM/DD'),4054,1,14,'O' , 6);

1 row created.

Commit complete.

SQL> INSERT INTO pracownicy (  imie ,nazwisko, data_zatrudnienia , pensja , ID_roli, dni_urlopu, obecny, id_maszyny  ) values( 'Jakub','Zarzecki',to_date('19/12/7','RR/MM/DD'),4170,1,8,'O' , 9);

1 row created.

Commit complete.

SQL> INSERT INTO pracownicy (  imie ,nazwisko, data_zatrudnienia , pensja , ID_roli, dni_urlopu, obecny ) values( 'Magdalena','Gut',to_date('12/12/10','RR/MM/DD'),5266,1,8,'O');

1 row created.

Commit complete.

SQL> INSERT INTO pracownicy (  imie ,nazwisko, data_zatrudnienia , pensja , ID_roli, dni_urlopu, obecny, id_maszyny  ) values( 'Iwona','Rusek',to_date('14/1/4','RR/MM/DD'),5017,1,16,'O' , 8);

1 row created.

Commit complete.

SQL> INSERT INTO pracownicy (  imie ,nazwisko, data_zatrudnienia , pensja , ID_roli, dni_urlopu, obecny, id_maszyny  ) values( 'Arkadiusz','Tasior',to_date('0/3/12','RR/MM/DD'),4840,1,11,'W' , 11);

1 row created.

Commit complete.

SQL> INSERT INTO pracownicy (  imie ,nazwisko, data_zatrudnienia , pensja , ID_roli, dni_urlopu, obecny, id_maszyny  ) values( 'Konrad','Rusek',to_date('12/3/13','RR/MM/DD'),3121,1,10,'W' , 6);

1 row created.

Commit complete.

SQL> INSERT INTO pracownicy (  imie ,nazwisko, data_zatrudnienia , pensja , ID_roli, dni_urlopu, obecny ) values( 'Grzegorz','Zarzecki',to_date('94/6/15','RR/MM/DD'),6615,2,11,'O');

1 row created.

Commit complete.

SQL> INSERT INTO pracownicy (  imie ,nazwisko, data_zatrudnienia , pensja , ID_roli, dni_urlopu, obecny, id_maszyny  ) values( 'Beata','Ochab',to_date('99/9/7','RR/MM/DD'),3690,1,13,'O' , 3);

1 row created.

Commit complete.

SQL> INSERT INTO pracownicy (  imie ,nazwisko, data_zatrudnienia , pensja , ID_roli, dni_urlopu, obecny, id_maszyny  ) values( 'Fabian','Imielinski',to_date('88/6/23','RR/MM/DD'),3817,1,19,'O' , 4);

1 row created.

Commit complete.

SQL> INSERT INTO pracownicy (  imie ,nazwisko, data_zatrudnienia , pensja , ID_roli, dni_urlopu, obecny, id_maszyny  ) values( 'Cecylia','Hrycyk',to_date('1/11/25','RR/MM/DD'),3359,1,17,'W' , 5);

1 row created.

Commit complete.

SQL> INSERT INTO pracownicy (  imie ,nazwisko, data_zatrudnienia , pensja , ID_roli, dni_urlopu, obecny, id_maszyny  ) values( 'Hubert','Pakusz',to_date('10/11/22','RR/MM/DD'),7664,2,20,'O' , 1);

1 row created.

Commit complete.

SQL> INSERT INTO pracownicy (  imie ,nazwisko, data_zatrudnienia , pensja , ID_roli, dni_urlopu, obecny, id_maszyny  ) values( 'Beata','Orski',to_date('90/9/15','RR/MM/DD'),7474,1,17,'O' , 9);

1 row created.

Commit complete.

SQL> INSERT INTO pracownicy (  imie ,nazwisko, data_zatrudnienia , pensja , ID_roli, dni_urlopu, obecny, id_maszyny  ) values( 'Bartek','Aleksandrowicz',to_date('5/2/18','RR/MM/DD'),4732,1,9,'O' , 10);

1 row created.

Commit complete.

SQL> INSERT INTO pracownicy (  imie ,nazwisko, data_zatrudnienia , pensja , ID_roli, dni_urlopu, obecny, id_maszyny  ) values( 'Czeslaw','Fikus',to_date('81/3/21','RR/MM/DD'),3931,1,6,'O' , 9);

1 row created.

Commit complete.

SQL> INSERT INTO pracownicy (  imie ,nazwisko, data_zatrudnienia , pensja , ID_roli, dni_urlopu, obecny ) values( 'Czeslaw','Dziuba',to_date('99/11/14','RR/MM/DD'),3716,1,9,'O');

1 row created.

Commit complete.

SQL> INSERT INTO pracownicy (  imie ,nazwisko, data_zatrudnienia , pensja , ID_roli, dni_urlopu, obecny, id_maszyny  ) values( 'Dariusz','Piecha',to_date('2/12/2','RR/MM/DD'),3255,1,19,'O' , 10);

1 row created.

Commit complete.

SQL> INSERT INTO pracownicy (  imie ,nazwisko, data_zatrudnienia , pensja , ID_roli, dni_urlopu, obecny, id_maszyny  ) values( 'Agnieszka','Gorka',to_date('93/5/18','RR/MM/DD'),5508,1,3,'O' , 7);

1 row created.

Commit complete.

SQL> INSERT INTO pracownicy (  imie ,nazwisko, data_zatrudnienia , pensja , ID_roli, dni_urlopu, obecny, id_maszyny  ) values( 'Konrad','Rys',to_date('18/4/21','RR/MM/DD'),5287,1,9,'O' , 2);

1 row created.

Commit complete.

SQL> INSERT INTO pracownicy (  imie ,nazwisko, data_zatrudnienia , pensja , ID_roli, dni_urlopu, obecny ) values( 'Fabian','Gucwa',to_date('13/2/19','RR/MM/DD'),4615,1,9,'O');

1 row created.

Commit complete.

SQL> INSERT INTO pracownicy (  imie ,nazwisko, data_zatrudnienia , pensja , ID_roli, dni_urlopu, obecny, id_maszyny  ) values( 'Honorata','Aleksandrowicz',to_date('98/10/1','RR/MM/DD'),6070,1,1,'O' , 3);

1 row created.

Commit complete.

SQL> INSERT INTO pracownicy (  imie ,nazwisko, data_zatrudnienia , pensja , ID_roli, dni_urlopu, obecny, id_maszyny  ) values( 'Grazyna','Kulas',to_date('4/5/3','RR/MM/DD'),3609,1,11,'O' , 8);

1 row created.

Commit complete.

SQL> INSERT INTO pracownicy (  imie ,nazwisko, data_zatrudnienia , pensja , ID_roli, dni_urlopu, obecny, id_maszyny  ) values( 'Daniel','Bareja',to_date('98/3/11','RR/MM/DD'),7707,1,0,'O' , 6);

1 row created.

Commit complete.

SQL> INSERT INTO pracownicy (  imie ,nazwisko, data_zatrudnienia , pensja , ID_roli, dni_urlopu, obecny, id_maszyny  ) values( 'Arkadiusz','Rys',to_date('83/10/7','RR/MM/DD'),5108,1,15,'W' , 2);

1 row created.

Commit complete.

SQL> INSERT INTO pracownicy (  imie ,nazwisko, data_zatrudnienia , pensja , ID_roli, dni_urlopu, obecny, id_maszyny  ) values( 'Beata','Rusek',to_date('12/2/7','RR/MM/DD'),8918,1,12,'W' , 1);

1 row created.

Commit complete.

SQL> INSERT INTO pracownicy (  imie ,nazwisko, data_zatrudnienia , pensja , ID_roli, dni_urlopu, obecny, id_maszyny  ) values( 'Damian','Kurtyka',to_date('91/11/13','RR/MM/DD'),5449,1,17,'O' , 2);

1 row created.

Commit complete.

SQL> INSERT INTO pracownicy (  imie ,nazwisko, data_zatrudnienia , pensja , ID_roli, dni_urlopu, obecny ) values( 'Iwona','Wilk',to_date('14/12/13','RR/MM/DD'),8057,1,17,'W');

1 row created.

Commit complete.

SQL> INSERT INTO pracownicy (  imie ,nazwisko, data_zatrudnienia , pensja , ID_roli, dni_urlopu, obecny, id_maszyny  ) values( 'Dariusz','Kicki',to_date('81/10/24','RR/MM/DD'),3000,1,20,'O' , 5);

1 row created.

Commit complete.

SQL> INSERT INTO pracownicy (  imie ,nazwisko, data_zatrudnienia , pensja , ID_roli, dni_urlopu, obecny, id_maszyny  ) values( 'Czeslaw','Ryba',to_date('95/6/4','RR/MM/DD'),4957,1,9,'O' , 7);

1 row created.

Commit complete.

SQL> INSERT INTO pracownicy (  imie ,nazwisko, data_zatrudnienia , pensja , ID_roli, dni_urlopu, obecny, id_maszyny  ) values( 'Magdalena','Kozubek',to_date('8/7/20','RR/MM/DD'),10386,2,20,'O' , 10);

1 row created.

Commit complete.

SQL> INSERT INTO pracownicy (  imie ,nazwisko, data_zatrudnienia , pensja , ID_roli, dni_urlopu, obecny, id_maszyny  ) values( 'Ludwik','Tasior',to_date('1/5/4','RR/MM/DD'),6656,1,0,'O' , 8);

1 row created.

Commit complete.

SQL> INSERT INTO pracownicy (  imie ,nazwisko, data_zatrudnienia , pensja , ID_roli, dni_urlopu, obecny, id_maszyny  ) values( 'Maciej','Wilk',to_date('4/3/6','RR/MM/DD'),6216,1,7,'O' , 7);

1 row created.

Commit complete.

SQL> INSERT INTO pracownicy (  imie ,nazwisko, data_zatrudnienia , pensja , ID_roli, dni_urlopu, obecny, id_maszyny  ) values( 'Daniel','Leja',to_date('13/12/15','RR/MM/DD'),4016,1,17,'O' , 10);

1 row created.

Commit complete.

SQL> INSERT INTO pracownicy (  imie ,nazwisko, data_zatrudnienia , pensja , ID_roli, dni_urlopu, obecny ) values( 'Ludwik','Wolny',to_date('14/7/20','RR/MM/DD'),5763,1,10,'O');

1 row created.

Commit complete.

SQL> INSERT INTO pracownicy (  imie ,nazwisko, data_zatrudnienia , pensja , ID_roli, dni_urlopu, obecny ) values( 'Iwona','Kirchner',to_date('82/11/6','RR/MM/DD'),5044,1,9,'O');

1 row created.

Commit complete.

SQL> INSERT INTO pracownicy (  imie ,nazwisko, data_zatrudnienia , pensja , ID_roli, dni_urlopu, obecny ) values( 'Czeslaw','Kubicz',to_date('89/10/13','RR/MM/DD'),3687,1,16,'O');

1 row created.

Commit complete.

SQL> INSERT INTO pracownicy (  imie ,nazwisko, data_zatrudnienia , pensja , ID_roli, dni_urlopu, obecny, id_maszyny  ) values( 'Jakub','Michalak',to_date('99/8/1','RR/MM/DD'),8576,1,15,'O' , 8);

1 row created.

Commit complete.

SQL> INSERT INTO pracownicy (  imie ,nazwisko, data_zatrudnienia , pensja , ID_roli, dni_urlopu, obecny ) values( 'Konrad','Gawron',to_date('7/5/19','RR/MM/DD'),3476,1,6,'O');

1 row created.

Commit complete.

SQL> INSERT INTO pracownicy (  imie ,nazwisko, data_zatrudnienia , pensja , ID_roli, dni_urlopu, obecny, id_maszyny  ) values( 'Czeslaw','Czachor',to_date('89/8/25','RR/MM/DD'),7809,1,3,'W' , 7);

1 row created.

Commit complete.

SQL> INSERT INTO pracownicy (  imie ,nazwisko, data_zatrudnienia , pensja , ID_roli, dni_urlopu, obecny, id_maszyny  ) values( 'Daniel','Kirchner',to_date('17/12/9','RR/MM/DD'),11074,2,8,'O' , 3);

1 row created.

Commit complete.

SQL> INSERT INTO pracownicy (  imie ,nazwisko, data_zatrudnienia , pensja , ID_roli, dni_urlopu, obecny, id_maszyny  ) values( 'Jan','Dziuba',to_date('9/12/25','RR/MM/DD'),8787,1,16,'O' , 8);

1 row created.

Commit complete.

SQL> INSERT INTO pracownicy (  imie ,nazwisko, data_zatrudnienia , pensja , ID_roli, dni_urlopu, obecny, id_maszyny  ) values( 'Grazyna','Dabek',to_date('0/1/8','RR/MM/DD'),3207,1,10,'O' , 7);

1 row created.

Commit complete.

SQL> INSERT INTO pracownicy (  imie ,nazwisko, data_zatrudnienia , pensja , ID_roli, dni_urlopu, obecny ) values( 'Grazyna','Hejmo',to_date('81/11/1','RR/MM/DD'),7582,2,17,'O');

1 row created.

Commit complete.

SQL> INSERT INTO pracownicy (  imie ,nazwisko, data_zatrudnienia , pensja , ID_roli, dni_urlopu, obecny, id_maszyny  ) values( 'Daniel','Stoch',to_date('98/10/2','RR/MM/DD'),8416,1,9,'O' , 11);

1 row created.

Commit complete.

SQL> INSERT INTO pracownicy (  imie ,nazwisko, data_zatrudnienia , pensja , ID_roli, dni_urlopu, obecny, id_maszyny  ) values( 'Beata','Larek',to_date('95/4/2','RR/MM/DD'),3754,1,5,'O' , 5);

1 row created.

Commit complete.

SQL> INSERT INTO pracownicy (  imie ,nazwisko, data_zatrudnienia , pensja , ID_roli, dni_urlopu, obecny, id_maszyny  ) values( 'Honorata','Masny',to_date('99/3/24','RR/MM/DD'),6111,1,13,'O' , 3);

1 row created.

Commit complete.

SQL> INSERT INTO pracownicy (  imie ,nazwisko, data_zatrudnienia , pensja , ID_roli, dni_urlopu, obecny ) values( 'Karolina','Hrycyk',to_date('92/5/20','RR/MM/DD'),7850,1,4,'O');

1 row created.

Commit complete.

SQL> INSERT INTO pracownicy (  imie ,nazwisko, data_zatrudnienia , pensja , ID_roli, dni_urlopu, obecny, id_maszyny  ) values( 'Hubert','Paliwoda',to_date('89/4/8','RR/MM/DD'),8283,1,4,'O' , 9);

1 row created.

Commit complete.

SQL> INSERT INTO pracownicy (  imie ,nazwisko, data_zatrudnienia , pensja , ID_roli, dni_urlopu, obecny, id_maszyny  ) values( 'Hubert','Klimek',to_date('5/5/6','RR/MM/DD'),8790,1,16,'O' , 9);

1 row created.

Commit complete.

SQL> INSERT INTO pracownicy (  imie ,nazwisko, data_zatrudnienia , pensja , ID_roli, dni_urlopu, obecny ) values( 'Czeslaw','Hejmo',to_date('15/11/6','RR/MM/DD'),5557,1,14,'O');

1 row created.

Commit complete.

SQL> INSERT INTO pracownicy (  imie ,nazwisko, data_zatrudnienia , pensja , ID_roli, dni_urlopu, obecny ) values( 'Beata','Hejmo',to_date('82/7/6','RR/MM/DD'),14288,3,15,'O');

1 row created.

Commit complete.

SQL> INSERT INTO pracownicy (  imie ,nazwisko, data_zatrudnienia , pensja , ID_roli, dni_urlopu, obecny, id_maszyny  ) values( 'Grzegorz','Piecha',to_date('85/1/7','RR/MM/DD'),7060,1,19,'O' , 8);

1 row created.

Commit complete.

SQL> INSERT INTO pracownicy (  imie ,nazwisko, data_zatrudnienia , pensja , ID_roli, dni_urlopu, obecny, id_maszyny  ) values( 'Damian','Otys',to_date('81/6/12','RR/MM/DD'),5425,1,4,'O' , 1);

1 row created.

Commit complete.

SQL> INSERT INTO pracownicy (  imie ,nazwisko, data_zatrudnienia , pensja , ID_roli, dni_urlopu, obecny ) values( 'Konrad','Hrycyk',to_date('80/10/14','RR/MM/DD'),3799,1,4,'W');

1 row created.

Commit complete.

SQL> INSERT INTO pracownicy (  imie ,nazwisko, data_zatrudnienia , pensja , ID_roli, dni_urlopu, obecny, id_maszyny  ) values( 'Iwona','Kwiek',to_date('93/6/10','RR/MM/DD'),3877,1,6,'O' , 5);

1 row created.

Commit complete.

SQL> INSERT INTO pracownicy (  imie ,nazwisko, data_zatrudnienia , pensja , ID_roli, dni_urlopu, obecny ) values( 'Dariusz','Fikus',to_date('93/12/12','RR/MM/DD'),3987,1,5,'O');

1 row created.

Commit complete.

SQL> INSERT INTO pracownicy (  imie ,nazwisko, data_zatrudnienia , pensja , ID_roli, dni_urlopu, obecny ) values( 'Damian','Rys',to_date('8/10/9','RR/MM/DD'),7771,1,12,'O');

1 row created.

Commit complete.

SQL> INSERT INTO pracownicy (  imie ,nazwisko, data_zatrudnienia , pensja , ID_roli, dni_urlopu, obecny ) values( 'Jakub','Rataj',to_date('12/11/19','RR/MM/DD'),5853,1,16,'O');

1 row created.

Commit complete.

SQL> INSERT INTO pracownicy (  imie ,nazwisko, data_zatrudnienia , pensja , ID_roli, dni_urlopu, obecny, id_maszyny  ) values( 'Hubert','Fikus',to_date('80/4/20','RR/MM/DD'),3363,1,4,'O' , 4);

1 row created.

Commit complete.

SQL> INSERT INTO pracownicy (  imie ,nazwisko, data_zatrudnienia , pensja , ID_roli, dni_urlopu, obecny, id_maszyny  ) values( 'Edyta','Chmiel',to_date('86/8/23','RR/MM/DD'),5022,1,17,'O' , 7);

1 row created.

Commit complete.

SQL> INSERT INTO pracownicy (  imie ,nazwisko, data_zatrudnienia , pensja , ID_roli, dni_urlopu, obecny, id_maszyny  ) values( 'Grazyna','Gut',to_date('1/1/19','RR/MM/DD'),5838,1,8,'O' , 8);

1 row created.

Commit complete.

SQL> INSERT INTO pracownicy (  imie ,nazwisko, data_zatrudnienia , pensja , ID_roli, dni_urlopu, obecny, id_maszyny  ) values( 'Jan','Larek',to_date('92/9/9','RR/MM/DD'),7616,1,6,'O' , 5);

1 row created.

Commit complete.

SQL> INSERT INTO pracownicy (  imie ,nazwisko, data_zatrudnienia , pensja , ID_roli, dni_urlopu, obecny ) values( 'Beata','Gasienica',to_date('92/7/9','RR/MM/DD'),12227,3,13,'W');

1 row created.

Commit complete.

SQL> INSERT INTO pracownicy (  imie ,nazwisko, data_zatrudnienia , pensja , ID_roli, dni_urlopu, obecny ) values( 'Jan','Gancarczyk',to_date('11/3/21','RR/MM/DD'),4254,1,11,'O');

1 row created.

Commit complete.

SQL> INSERT INTO pracownicy (  imie ,nazwisko, data_zatrudnienia , pensja , ID_roli, dni_urlopu, obecny, id_maszyny  ) values( 'Bartek','Pakusz',to_date('82/7/3','RR/MM/DD'),6933,1,13,'O' , 4);

1 row created.

Commit complete.

SQL> INSERT INTO pracownicy (  imie ,nazwisko, data_zatrudnienia , pensja , ID_roli, dni_urlopu, obecny, id_maszyny  ) values( 'Dariusz','Baran',to_date('13/4/11','RR/MM/DD'),6096,1,18,'O' , 2);

1 row created.

Commit complete.

SQL> INSERT INTO pracownicy (  imie ,nazwisko, data_zatrudnienia , pensja , ID_roli, dni_urlopu, obecny, id_maszyny  ) values( 'Jacek','Gucwa',to_date('11/4/4','RR/MM/DD'),6147,1,1,'O' , 10);

1 row created.

Commit complete.

SQL> INSERT INTO pracownicy (  imie ,nazwisko, data_zatrudnienia , pensja , ID_roli, dni_urlopu, obecny, id_maszyny  ) values( 'Ludwik','Tarczynski',to_date('90/8/18','RR/MM/DD'),8037,1,11,'O' , 11);

1 row created.

Commit complete.

SQL> INSERT INTO pracownicy (  imie ,nazwisko, data_zatrudnienia , pensja , ID_roli, dni_urlopu, obecny, id_maszyny  ) values( 'Jakub','Gradzik',to_date('10/7/17','RR/MM/DD'),6471,1,3,'O' , 2);

1 row created.

Commit complete.

SQL> INSERT INTO pracownicy (  imie ,nazwisko, data_zatrudnienia , pensja , ID_roli, dni_urlopu, obecny, id_maszyny  ) values( 'Agnieszka','Pawlak',to_date('12/1/23','RR/MM/DD'),4918,1,1,'O' , 11);

1 row created.

Commit complete.

SQL> INSERT INTO pracownicy (  imie ,nazwisko, data_zatrudnienia , pensja , ID_roli, dni_urlopu, obecny, id_maszyny  ) values( 'Grzegorz','Panus',to_date('16/11/11','RR/MM/DD'),4757,1,9,'O' , 2);

1 row created.

Commit complete.

SQL> INSERT INTO pracownicy (  imie ,nazwisko, data_zatrudnienia , pensja , ID_roli, dni_urlopu, obecny ) values( 'Iwona','Stoch',to_date('91/12/15','RR/MM/DD'),5748,1,12,'W');

1 row created.

Commit complete.

SQL> INSERT INTO pracownicy (  imie ,nazwisko, data_zatrudnienia , pensja , ID_roli, dni_urlopu, obecny, id_maszyny  ) values( 'Andrzej','Gancarczyk',to_date('91/11/20','RR/MM/DD'),6741,1,12,'O' , 1);

1 row created.

Commit complete.

SQL> INSERT INTO pracownicy (  imie ,nazwisko, data_zatrudnienia , pensja , ID_roli, dni_urlopu, obecny, id_maszyny  ) values( 'Jakub','Hernik',to_date('0/5/22','RR/MM/DD'),8528,1,4,'O' , 1);

1 row created.

Commit complete.

SQL> INSERT INTO pracownicy (  imie ,nazwisko, data_zatrudnienia , pensja , ID_roli, dni_urlopu, obecny ) values( 'Konrad','Ryba',to_date('87/7/2','RR/MM/DD'),3282,1,14,'O');

1 row created.

Commit complete.

SQL> INSERT INTO pracownicy (  imie ,nazwisko, data_zatrudnienia , pensja , ID_roli, dni_urlopu, obecny ) values( 'Konrad','Borys',to_date('16/2/6','RR/MM/DD'),4283,1,13,'O');

1 row created.

Commit complete.

SQL> INSERT INTO pracownicy (  imie ,nazwisko, data_zatrudnienia , pensja , ID_roli, dni_urlopu, obecny ) values( 'Magdalena','Wasiak',to_date('92/9/2','RR/MM/DD'),4190,1,0,'O');

1 row created.

Commit complete.

SQL> INSERT INTO pracownicy (  imie ,nazwisko, data_zatrudnienia , pensja , ID_roli, dni_urlopu, obecny ) values( 'Cecylia','Tyszka',to_date('15/5/23','RR/MM/DD'),3352,1,19,'W');

1 row created.

Commit complete.

SQL> INSERT INTO pracownicy (  imie ,nazwisko, data_zatrudnienia , pensja , ID_roli, dni_urlopu, obecny ) values( 'Fabian','Kmiecik',to_date('9/5/25','RR/MM/DD'),4179,1,3,'O');

1 row created.

Commit complete.

SQL> INSERT INTO pracownicy (  imie ,nazwisko, data_zatrudnienia , pensja , ID_roli, dni_urlopu, obecny, id_maszyny  ) values( 'Ignacy','Antos',to_date('4/5/8','RR/MM/DD'),5300,1,9,'O' , 3);

1 row created.

Commit complete.

SQL> INSERT INTO pracownicy (  imie ,nazwisko, data_zatrudnienia , pensja , ID_roli, dni_urlopu, obecny ) values( 'Magdalena','Sulej',to_date('15/8/25','RR/MM/DD'),4438,1,16,'O');

1 row created.

Commit complete.

SQL> INSERT INTO pracownicy (  imie ,nazwisko, data_zatrudnienia , pensja , ID_roli, dni_urlopu, obecny, id_maszyny  ) values( 'Agnieszka','Redyk',to_date('7/4/20','RR/MM/DD'),5089,1,17,'O' , 8);

1 row created.

Commit complete.

SQL> INSERT INTO pracownicy (  imie ,nazwisko, data_zatrudnienia , pensja , ID_roli, dni_urlopu, obecny, id_maszyny  ) values( 'Hubert','Larek',to_date('11/1/6','RR/MM/DD'),7772,1,11,'O' , 6);

1 row created.

Commit complete.

SQL> INSERT INTO pracownicy (  imie ,nazwisko, data_zatrudnienia , pensja , ID_roli, dni_urlopu, obecny ) values( 'Bartek','Kandefer',to_date('20/6/8','RR/MM/DD'),3194,1,15,'O');

1 row created.

Commit complete.

SQL> INSERT INTO pracownicy (  imie ,nazwisko, data_zatrudnienia , pensja , ID_roli, dni_urlopu, obecny ) values( 'Jakub','Imielinski',to_date('96/11/3','RR/MM/DD'),5210,2,6,'O');

1 row created.

Commit complete.

SQL> INSERT INTO pracownicy (  imie ,nazwisko, data_zatrudnienia , pensja , ID_roli, dni_urlopu, obecny, id_maszyny  ) values( 'Jan','Leja',to_date('89/11/14','RR/MM/DD'),8966,1,13,'O' , 8);

1 row created.

Commit complete.

SQL> INSERT INTO pracownicy (  imie ,nazwisko, data_zatrudnienia , pensja , ID_roli, dni_urlopu, obecny, id_maszyny  ) values( 'Daniel','Stoch',to_date('6/7/1','RR/MM/DD'),3212,1,2,'O' , 11);

1 row created.

Commit complete.

SQL> INSERT INTO pracownicy (  imie ,nazwisko, data_zatrudnienia , pensja , ID_roli, dni_urlopu, obecny, id_maszyny  ) values( 'Daniel','Kaczor',to_date('14/12/8','RR/MM/DD'),5166,1,3,'O' , 3);

1 row created.

Commit complete.

SQL> INSERT INTO pracownicy (  imie ,nazwisko, data_zatrudnienia , pensja , ID_roli, dni_urlopu, obecny ) values( 'Edyta','Pawlak',to_date('82/2/11','RR/MM/DD'),7547,1,8,'O');

1 row created.

Commit complete.

SQL> INSERT INTO pracownicy (  imie ,nazwisko, data_zatrudnienia , pensja , ID_roli, dni_urlopu, obecny ) values( 'Hubert','Bury',to_date('87/9/4','RR/MM/DD'),6964,1,8,'W');

1 row created.

Commit complete.

SQL> INSERT INTO pracownicy (  imie ,nazwisko, data_zatrudnienia , pensja , ID_roli, dni_urlopu, obecny ) values( 'Fabian','Obrebscy',to_date('20/12/3','RR/MM/DD'),18473,3,13,'W');

1 row created.

Commit complete.

SQL> INSERT INTO pracownicy (  imie ,nazwisko, data_zatrudnienia , pensja , ID_roli, dni_urlopu, obecny ) values( 'Jacek','Rys',to_date('17/1/12','RR/MM/DD'),4458,1,12,'O');

1 row created.

Commit complete.

SQL> INSERT INTO pracownicy (  imie ,nazwisko, data_zatrudnienia , pensja , ID_roli, dni_urlopu, obecny ) values( 'Ludwik','Obrebscy',to_date('15/7/11','RR/MM/DD'),4905,1,11,'O');

1 row created.

Commit complete.

SQL> INSERT INTO pracownicy (  imie ,nazwisko, data_zatrudnienia , pensja , ID_roli, dni_urlopu, obecny, id_maszyny  ) values( 'Ignacy','Orski',to_date('5/9/22','RR/MM/DD'),7725,1,2,'O' , 5);

1 row created.

Commit complete.

SQL> INSERT INTO pracownicy (  imie ,nazwisko, data_zatrudnienia , pensja , ID_roli, dni_urlopu, obecny ) values( 'Bartek','Fogiel',to_date('90/3/15','RR/MM/DD'),8655,1,15,'O');

1 row created.

Commit complete.

SQL> INSERT INTO pracownicy (  imie ,nazwisko, data_zatrudnienia , pensja , ID_roli, dni_urlopu, obecny ) values( 'Edyta','Otys',to_date('16/10/8','RR/MM/DD'),3993,1,6,'O');

1 row created.

Commit complete.

SQL> INSERT INTO pracownicy (  imie ,nazwisko, data_zatrudnienia , pensja , ID_roli, dni_urlopu, obecny, id_maszyny  ) values( 'Hubert','Ryba',to_date('14/9/20','RR/MM/DD'),6679,1,0,'O' , 11);

1 row created.

Commit complete.

SQL> INSERT INTO pracownicy (  imie ,nazwisko, data_zatrudnienia , pensja , ID_roli, dni_urlopu, obecny ) values( 'Honorata','Gradzik',to_date('93/12/25','RR/MM/DD'),5630,1,4,'O');

1 row created.

Commit complete.

SQL> INSERT INTO pracownicy (  imie ,nazwisko, data_zatrudnienia , pensja , ID_roli, dni_urlopu, obecny ) values( 'Beata','Kaczor',to_date('1/9/8','RR/MM/DD'),4690,1,11,'O');

1 row created.

Commit complete.

SQL> INSERT INTO pracownicy (  imie ,nazwisko, data_zatrudnienia , pensja , ID_roli, dni_urlopu, obecny ) values( 'Daniel','Tasior',to_date('18/12/13','RR/MM/DD'),4428,1,6,'O');

1 row created.

Commit complete.

SQL> INSERT INTO pracownicy (  imie ,nazwisko, data_zatrudnienia , pensja , ID_roli, dni_urlopu, obecny, id_maszyny  ) values( 'Fabian','Adamiak',to_date('97/12/6','RR/MM/DD'),6411,1,6,'O' , 6);

1 row created.

Commit complete.

SQL> INSERT INTO pracownicy (  imie ,nazwisko, data_zatrudnienia , pensja , ID_roli, dni_urlopu, obecny ) values( 'Jakub','Gancarczyk',to_date('96/2/24','RR/MM/DD'),7035,1,6,'O');

1 row created.

Commit complete.

SQL> insert into produkt( nazwa,ilosc) values ( 'kukurydza', 70);

1 row created.

Commit complete.

SQL> insert into produkt( nazwa,ilosc) values ( 'kukurydza', 10);

1 row created.

Commit complete.

SQL> insert into produkt( nazwa,ilosc) values ( 'kukurydza', 15);

1 row created.

Commit complete.

SQL> insert into produkt( nazwa,ilosc) values ( 'kukurydza', 30);

1 row created.

Commit complete.

SQL> insert into produkt( nazwa,ilosc) values ( 'kukurydza', 25);

1 row created.

Commit complete.

SQL> insert into produkt( nazwa,ilosc) values ( 'maka', 150);

1 row created.

Commit complete.

SQL> insert into produkt( nazwa,ilosc) values ( 'maka', 90);

1 row created.

Commit complete.

SQL> insert into produkt( nazwa,ilosc) values ( 'maka', 40);

1 row created.

Commit complete.

SQL> insert into produkt( nazwa,ilosc) values ( 'maka', 20);

1 row created.

Commit complete.

SQL> insert into produkt( nazwa,ilosc) values ( 'maka', 30);

1 row created.

Commit complete.

SQL> insert into produkt( nazwa,ilosc) values ( 'kakao', 20);

1 row created.

Commit complete.

SQL> insert into produkt( nazwa,ilosc) values ( 'kakao', 30);

1 row created.

Commit complete.

SQL> insert into produkt( nazwa,ilosc) values ( 'miod',10);

1 row created.

Commit complete.

SQL> insert into produkt( nazwa,ilosc) values ( 'miod', 25);

1 row created.

Commit complete.

SQL> insert into produkt( nazwa,ilosc) values (  'cukier', 900);

1 row created.

Commit complete.

SQL> insert into produkt( nazwa,ilosc) values (  'cukier', 450);

1 row created.

Commit complete.

SQL> insert into produkt( nazwa,ilosc) values (  'cukier', 1000);

1 row created.

Commit complete.

SQL> insert into produkt( nazwa,ilosc) values (  'syrop',100);

1 row created.

Commit complete.

SQL> insert into produkt( nazwa,ilosc) values (  'syrop',50);

1 row created.

Commit complete.

SQL> insert into produkt( nazwa,ilosc) values ( 'sol',1);

1 row created.

Commit complete.

SQL> insert into produkt( nazwa,ilosc) values ( 'sol',2);

1 row created.

Commit complete.

SQL> insert into produkt( nazwa,ilosc) values ( 'aromaty',5);

1 row created.

Commit complete.

SQL> insert into produkt( nazwa,ilosc) values ( 'aromaty',9);

1 row created.

Commit complete.

SQL> insert into produkt( nazwa,ilosc) values ( 'witaminy',10);

1 row created.

Commit complete.

SQL> insert into produkt( nazwa,ilosc) values ( 'witaminy',15);

1 row created.

Commit complete.

SQL> insert into produkt( nazwa,ilosc) values ( 'zelazo',1);

1 row created.

Commit complete.

SQL> insert into produkt( nazwa,ilosc) values ( 'zelazo',2);

1 row created.

Commit complete.

SQL> insert into produkt(  nazwa, ilosc) values(  'Kukurydza',2);

1 row created.

Commit complete.

SQL> insert into produkt(  nazwa, ilosc) values( 'Aromaty',3);

1 row created.

Commit complete.

SQL> insert into produkt(  nazwa, ilosc) values( 'Witaminy',6);

1 row created.

Commit complete.

SQL> insert into produkt(  nazwa, ilosc) values( 'zelazo',6);

1 row created.

Commit complete.

SQL> insert into produkt(  nazwa, ilosc) values(  'Maka',12);

1 row created.

Commit complete.

SQL> insert into produkt(  nazwa, ilosc) values( 'zelazo',11);

1 row created.

Commit complete.

SQL> insert into produkt(  nazwa, ilosc) values(  'Maka',12);

1 row created.

Commit complete.

SQL> insert into produkt(  nazwa, ilosc) values( 'Aromaty',4);

1 row created.

Commit complete.

SQL> insert into produkt(  nazwa, ilosc) values(  'Cukier',3);

1 row created.

Commit complete.

SQL> insert into produkt(  nazwa, ilosc) values( 'Sol',8);

1 row created.

Commit complete.

SQL> insert into produkt(  nazwa, ilosc) values( 'Miod',19);

1 row created.

Commit complete.

SQL> insert into produkt(  nazwa, ilosc) values( 'Sol',16);

1 row created.

Commit complete.

SQL> insert into produkt(  nazwa, ilosc) values(  'Kakao',15);

1 row created.

Commit complete.

SQL> insert into produkt(  nazwa, ilosc) values( 'zelazo',6);

1 row created.

Commit complete.

SQL> insert into produkt(  nazwa, ilosc) values(  'Cukier',14);

1 row created.

Commit complete.

SQL> insert into produkt(  nazwa, ilosc) values( 'Sol',16);

1 row created.

Commit complete.

SQL> insert into produkt(  nazwa, ilosc) values( 'Cukier',6);

1 row created.

Commit complete.

SQL> insert into produkt(  nazwa, ilosc) values(  'Aromaty',1);

1 row created.

Commit complete.

SQL> insert into produkt(  nazwa, ilosc) values(  'Aromaty',2);

1 row created.

Commit complete.

SQL> insert into produkt(  nazwa, ilosc) values( 'Witaminy',18);

1 row created.

Commit complete.

SQL> insert into produkt(  nazwa, ilosc) values( 'Aromaty',6);

1 row created.

Commit complete.

SQL> insert into produkt(  nazwa, ilosc) values(  'Aromaty',6);

1 row created.

Commit complete.

SQL> insert into produkt(  nazwa, ilosc) values(  'zelazo',11);

1 row created.

Commit complete.

SQL> insert into produkt(  nazwa, ilosc) values(  'Witaminy',3);

1 row created.

Commit complete.

SQL> insert into produkt(  nazwa, ilosc) values( 'Syrop',8);

1 row created.

Commit complete.

SQL> insert into produkt(  nazwa, ilosc) values( 'Maka',5);

1 row created.

Commit complete.

SQL> insert into produkt(  nazwa, ilosc) values( 'zelazo',6);

1 row created.

Commit complete.

SQL> insert into produkt(  nazwa, ilosc) values( 'Maka',12);

1 row created.

Commit complete.

SQL> insert into produkt(  nazwa, ilosc) values(  'Witaminy',15);

1 row created.

Commit complete.

SQL> insert into produkt(  nazwa, ilosc) values( 'Miod',15);

1 row created.

Commit complete.

SQL> insert into produkt( nazwa,ilosc) values ( 'kukurydza', 7900);

1 row created.

Commit complete.

SQL> insert into produkt( nazwa,ilosc) values ( 'maka', 1350);

1 row created.

Commit complete.

SQL> insert into produkt( nazwa,ilosc) values ( 'kakao', 2890);

1 row created.

Commit complete.

SQL> insert into produkt( nazwa,ilosc) values ( 'miod',180);

1 row created.

Commit complete.

SQL> insert into produkt( nazwa,ilosc) values (  'cukier', 6900);

1 row created.

Commit complete.

SQL> insert into produkt( nazwa,ilosc) values (  'syrop',8100);

1 row created.

Commit complete.

SQL> insert into produkt( nazwa,ilosc) values ( 'sol',190);

1 row created.

Commit complete.

SQL> insert into produkt( nazwa,ilosc) values ( 'aromaty',75);

1 row created.

Commit complete.

SQL> insert into produkt( nazwa,ilosc) values ( 'witaminy',310);

1 row created.

Commit complete.

SQL> insert into produkt( nazwa,ilosc) values ( 'zelazo',18);

1 row created.

Commit complete.

SQL> insert into magazyn(sektor,id_produktu) values ( 'kukurydza',58 );

1 row created.

Commit complete.

SQL> insert into magazyn(sektor,id_produktu) values ( 'maka', 59);

1 row created.

Commit complete.

SQL> insert into magazyn(sektor,id_produktu) values ( 'kakao', 60);

1 row created.

Commit complete.

SQL> insert into magazyn(sektor,id_produktu) values ( 'miod',61);

1 row created.

Commit complete.

SQL> insert into magazyn(sektor,id_produktu) values (  'cukier',62 );

1 row created.

Commit complete.

SQL> insert into magazyn(sektor,id_produktu)values (  'syrop',63);

1 row created.

Commit complete.

SQL> insert into magazyn(sektor,id_produktu)values ( 'sol',64);

1 row created.

Commit complete.

SQL> insert into magazyn(sektor,id_produktu)values ( 'aromaty',65);

1 row created.

Commit complete.

SQL> insert into magazyn(sektor,id_produktu)values ( 'witaminy',66);

1 row created.

Commit complete.

SQL> insert into magazyn(sektor,id_produktu)values ( 'zelazo',67);

1 row created.

Commit complete.

SQL> insert into stan_produktow( id_produktu,id_maszyny,rodzaj_stanu)values(1,11,'Z');

1 row created.

Commit complete.

SQL> insert into stan_produktow( id_produktu,id_maszyny,rodzaj_stanu)values(2,11,'O');

1 row created.

Commit complete.

SQL> insert into stan_produktow(id_produktu, id_maszyny,rodzaj_stanu)values(6,11,'O');

1 row created.

Commit complete.

SQL> insert into stan_produktow(id_produktu, id_maszyny,rodzaj_stanu)values(7,11,'Z');

1 row created.

Commit complete.

SQL> insert into transakcje(  cena,data_zawarcia,rodzaj_transakcji)values(4020,to_date('93/10/13','RR/MM/DD'), 'S' );

1 row created.

Commit complete.

SQL> insert into transakcje(  cena,data_zawarcia,rodzaj_transakcji)values(4398,to_date('90/7/6','RR/MM/DD'), 'S' );

1 row created.

Commit complete.

SQL> insert into transakcje(  cena,data_zawarcia,rodzaj_transakcji)values(1993,to_date('97/8/8','RR/MM/DD'), 'S' );

1 row created.

Commit complete.

SQL> insert into transakcje(  cena,data_zawarcia,rodzaj_transakcji)values(1010,to_date('88/5/19','RR/MM/DD'), 'K' );

1 row created.

Commit complete.

SQL> insert into transakcje(  cena,data_zawarcia,rodzaj_transakcji)values(5720,to_date('80/5/18','RR/MM/DD'), 'K' );

1 row created.

Commit complete.

SQL> insert into transakcje(  cena,data_zawarcia,rodzaj_transakcji)values(8281,to_date('87/3/4','RR/MM/DD'), 'S' );

1 row created.

Commit complete.

SQL> insert into transakcje(  cena,data_zawarcia,rodzaj_transakcji)values(7022,to_date('12/1/24','RR/MM/DD'), 'K' );

1 row created.

Commit complete.

SQL> insert into transakcje(  cena,data_zawarcia,rodzaj_transakcji)values(4067,to_date('82/11/14','RR/MM/DD'), 'S' );

1 row created.

Commit complete.

SQL> insert into transakcje(  cena,data_zawarcia,rodzaj_transakcji)values(1385,to_date('90/12/4','RR/MM/DD'), 'K' );

1 row created.

Commit complete.

SQL> insert into transakcje(  cena,data_zawarcia,rodzaj_transakcji)values(2000,to_date('18/1/24','RR/MM/DD'), 'K' );

1 row created.

Commit complete.

SQL> insert into tabela_zapisu(id_transakcji,id_produktu)values(4,28);

1 row created.

Commit complete.

SQL> insert into tabela_zapisu(id_transakcji,id_produktu)values(5,29);

1 row created.

Commit complete.

SQL> insert into tabela_zapisu(id_transakcji,id_produktu)values(6,30);

1 row created.

Commit complete.

SQL> insert into tabela_zapisu(id_transakcji,id_produktu)values(7,31);

1 row created.

Commit complete.

SQL> insert into tabela_zapisu(id_transakcji,id_produktu)values(8,32);

1 row created.

Commit complete.

SQL> insert into tabela_zapisu(id_transakcji,id_produktu)values(9,33);

1 row created.

Commit complete.

SQL> insert into tabela_zapisu(id_transakcji,id_produktu)values(2,34);

1 row created.

Commit complete.

SQL> insert into tabela_zapisu(id_transakcji,id_produktu)values(1,35);

1 row created.

Commit complete.

SQL> insert into tabela_zapisu(id_transakcji,id_produktu)values(2,36);

1 row created.

Commit complete.

SQL> insert into tabela_zapisu(id_transakcji,id_produktu)values(3,37);

1 row created.

Commit complete.

SQL> insert into tabela_zapisu(id_transakcji,id_produktu)values(4,38);

1 row created.

Commit complete.

SQL> insert into tabela_zapisu(id_transakcji,id_produktu)values(5,39);

1 row created.

Commit complete.

SQL> insert into tabela_zapisu(id_transakcji,id_produktu)values(6,40);

1 row created.

Commit complete.

SQL> insert into tabela_zapisu(id_transakcji,id_produktu)values(7,41);

1 row created.

Commit complete.

SQL> insert into tabela_zapisu(id_transakcji,id_produktu)values(8,42);

1 row created.

Commit complete.

SQL> insert into tabela_zapisu(id_transakcji,id_produktu)values(9,43);

1 row created.

Commit complete.

SQL> insert into tabela_zapisu(id_transakcji,id_produktu)values(6,44);

1 row created.

Commit complete.

SQL> insert into tabela_zapisu(id_transakcji,id_produktu)values(1,45);

1 row created.

Commit complete.

SQL> insert into tabela_zapisu(id_transakcji,id_produktu)values(2,46);

1 row created.

Commit complete.

SQL> insert into tabela_zapisu(id_transakcji,id_produktu)values(3,47);

1 row created.

Commit complete.

SQL> insert into tabela_zapisu(id_transakcji,id_produktu)values(4,48);

1 row created.

Commit complete.

SQL> insert into tabela_zapisu(id_transakcji,id_produktu)values(5,49);

1 row created.

Commit complete.

SQL> insert into tabela_zapisu(id_transakcji,id_produktu)values(6,50);

1 row created.

Commit complete.

SQL> insert into tabela_zapisu(id_transakcji,id_produktu)values(7,51);

1 row created.

Commit complete.

SQL> insert into tabela_zapisu(id_transakcji,id_produktu)values(8,52);

1 row created.

Commit complete.

SQL> insert into tabela_zapisu(id_transakcji,id_produktu)values(9,53);

1 row created.

Commit complete.

SQL> insert into tabela_zapisu(id_transakcji,id_produktu)values(4,54);

1 row created.

Commit complete.

SQL> insert into tabela_zapisu(id_transakcji,id_produktu)values(1,55);

1 row created.

Commit complete.

SQL> insert into tabela_zapisu(id_transakcji,id_produktu)values(2,56);

1 row created.

Commit complete.

SQL> -- brakujace kwerendy
SQL> -- usuwanie sprzetu